// Jest Snapshot v1, https://goo.gl/fbAQLP

exports[`AppBarRow Tests Render AppBarRow 1`] = `
<div>
  <AppBarRow>
    Chrome UI
  </AppBarRow>
</div>
`;
