// Jest Snapshot v1, https://goo.gl/fbAQLP

exports[`Base Tests Default 1`] = `
<AppBar
  className=""
>
  test
</AppBar>
`;
