// Jest Snapshot v1, https://goo.gl/fbAQLP

exports[`Grid Tests Default 1`] = `
<Grid>
  <Base>
    <div
      className="mdc-layout-grid"
    >
      <GridInner>
        <Base>
          <div
            className="mdc-layout-grid__inner"
          >
            test
          </div>
        </Base>
      </GridInner>
    </div>
  </Base>
</Grid>
`;
